server/db.ts(11,23): error TS1378: Top-level 'await' expressions are only allowed when the 'module' option is set to 'es2022', 'esnext', 'system', 'node16', 'nodenext', or 'preserve', and the 'target' option is set to 'es2017' or higher.
server/db.ts(12,20): error TS1378: Top-level 'await' expressions are only allowed when the 'module' option is set to 'es2022', 'esnext', 'system', 'node16', 'nodenext', or 'preserve', and the 'target' option is set to 'es2017' or higher.
server/db.ts(13,18): error TS1378: Top-level 'await' expressions are only allowed when the 'module' option is set to 'es2022', 'esnext', 'system', 'node16', 'nodenext', or 'preserve', and the 'target' option is set to 'es2017' or higher.
server/demo-storage.ts(304,11): error TS2741: Property 'casNumber' is missing in type '{ id: `${string}-${string}-${string}-${string}-${string}`; name: string; description: string | null; sku: string; category: string; subCategory: string | null; price: string; cost: string | null; stockQuantity: number; ... 6 more ...; updatedAt: Date; }' but required in type '{ id: string; name: string; sku: string; category: string; subCategory: string | null; price: string; stockQuantity: number; description: string | null; specifications: string | null; casNumber: string | null; ... 6 more ...; sellerCompanyId: string | null; }'.
server/demo-storage.ts(560,11): error TS2322: Type '{ id: `${string}-${string}-${string}-${string}-${string}`; status: "pending"; priority: "urgent" | "high" | "low" | "medium"; adminResponse: null; adminResponseDate: null; assignedTo: string | null; isReadByAdmin: false; ... 16 more ...; deliveryDate?: string | ... 1 more ... | undefined; }' is not assignable to type '{ id: string; status: "pending" | "cancelled" | "in_progress" | "responded" | "closed" | null; buyerPhone: string | null; buyerCompany: string | null; quantity: string | null; createdAt: Date | null; ... 17 more ...; isReadBySeller: boolean | null; }'.
  Types of property 'buyerPhone' are incompatible.
    Type 'string | null | undefined' is not assignable to type 'string | null'.
      Type 'undefined' is not assignable to type 'string | null'.
server/demo-storage.ts(669,24): error TS2802: Type 'MapIterator<{ key: string; id: string; content: string; updatedAt: Date; draftContent: string | null; isPublished: boolean; lastPublishedAt: Date | null; }>' can only be iterated through when using the '--downlevelIteration' flag or with a '--target' of 'es2015' or higher.
server/routes.ts(119,9): error TS2322: Type 'string | null' is not assignable to type 'string'.
  Type 'null' is not assignable to type 'string'.
